Circuit: * C:\Users\voids\Documents\GitHub\hvsd-3ch\LTspice\dc vus caps.asc

C6: Increased Cpar to 1e-012
C5: Increased Cpar to 5e-011
C4: Increased Cpar to 5e-011
C2: Increased Cpar to 5e-011
C1: Increased Cpar to 2.2e-010
WARNING: Node N004 is floating.

WARNING: Less than two connections to node N004.  This node is used by C1.
Direct Newton iteration for .op point succeeded.

Date: Sat Jan 03 23:13:02 2026
Total elapsed time: 3.376 seconds.

tnom = 27
temp = 27
method = modified trap
totiter = 628829
traniter = 628826
tranpoints = 314414
accept = 222739
rejected = 91675
matrix size = 4
fillins = 0
solver = Normal
Matrix Compiler1: 154 bytes object code size  0.0/0.0/[0.0]
Matrix Compiler2:      22 opcodes  0.0/[0.0]/0.0

